// Jest Snapshot v1, https://goo.gl/fbAQLP

exports[`TicketsResolver addTicket() fails adding a new ticket due to missing data 1`] = `
Array [
  [ValidationError: Field "users" must not have a selection since type "[ID!]" has no subfields.],
]
`;

exports[`TicketsResolver addTicket() fails adding a new ticket due to wrong data 1`] = `
Array [
  [ValidationError: Field "users" must not have a selection since type "[ID!]" has no subfields.],
]
`;

exports[`TicketsResolver deleteTicket() fails deleting a specific ticket due to wrong ID 1`] = `undefined`;

exports[`TicketsResolver updateTicket() fails updating a ticket due to wrong ID 1`] = `
Array [
  [ValidationError: Field "users" must not have a selection since type "[ID!]" has no subfields.],
]
`;

exports[`TicketsResolver updateTicket() fails updating a ticket due to wrong data 1`] = `
Array [
  [ValidationError: Field "users" must not have a selection since type "[ID!]" has no subfields.],
]
`;
